// Jest Snapshot v1, https://goo.gl/fbAQLP

exports[`renders correctly Favourites screen 1`] = `
<View
  style={
    {
      "flex": 1,
    }
  }
>
  <BVLinearGradient
    colors={
      [
        4283866105,
        4289848060,
      ]
    }
    endPoint={
      {
        "x": 0.5,
        "y": 1,
      }
    }
    locations={null}
    startPoint={
      {
        "x": 0.5,
        "y": 0,
      }
    }
    style={
      {
        "flex": 1,
        "paddingHorizontal": 20,
        "paddingTop": 20,
      }
    }
  >
    <RCTScrollView
      ListFooterComponent={[Function]}
      data={[]}
      getItem={[Function]}
      getItemCount={[Function]}
      keyExtractor={[Function]}
      onContentSizeChange={[Function]}
      onEndReached={[Function]}
      onEndReachedThreshold={0.7}
      onLayout={[Function]}
      onMomentumScrollBegin={[Function]}
      onMomentumScrollEnd={[Function]}
      onScroll={[Function]}
      onScrollBeginDrag={[Function]}
      onScrollEndDrag={[Function]}
      removeClippedSubviews={false}
      renderItem={[Function]}
      scrollEventThrottle={0.0001}
      stickyHeaderIndices={[]}
      viewabilityConfigCallbackPairs={[]}
    >
      <View>
        <View
          onLayout={[Function]}
        />
      </View>
    </RCTScrollView>
  </BVLinearGradient>
</View>
`;
